generic QED process "ke -> ke"
generic QED process "kke -> ke"
generic QED process "kkke -> ke"
generic QED process "kkkke -> ke"
generic QED process "kkkkke -> ke"
(1/3) benchmarking "f_exec"...
  (1/5) benchmarking "generic QED process \"kke -> ke\""...
    (1/5) benchmarking "1000"...
    done (took 1.123045902 seconds)
    (2/5) benchmarking "2000"...
    done (took 1.044580865 seconds)
    (3/5) benchmarking "0"...
    done (took 1.043884228 seconds)
    (4/5) benchmarking "5000"...
    done (took 1.040921027 seconds)
    (5/5) benchmarking "100"...
    done (took 1.042777128 seconds)
  done (took 6.192631107 seconds)
  (2/5) benchmarking "generic QED process \"kkkkke -> ke\""...
    (1/5) benchmarking "1000"...
    done (took 5.857823888 seconds)
    (2/5) benchmarking "2000"...
    done (took 5.908626053 seconds)
    (3/5) benchmarking "0"...
    done (took 5.717494354 seconds)
    (4/5) benchmarking "5000"...
    done (took 5.848792561 seconds)
    (5/5) benchmarking "100"...
    done (took 5.852747298 seconds)
  done (took 30.049657206 seconds)
  (3/5) benchmarking "generic QED process \"ke -> ke\""...
    (1/5) benchmarking "1000"...
    done (took 1.761187752 seconds)
    (2/5) benchmarking "2000"...
    done (took 1.762685864 seconds)
    (3/5) benchmarking "0"...
    done (took 1.761939416 seconds)
    (4/5) benchmarking "5000"...
    done (took 1.76570533 seconds)
    (5/5) benchmarking "100"...
    done (took 1.767539062 seconds)
  done (took 9.669121728 seconds)
  (4/5) benchmarking "generic QED process \"kkke -> ke\""...
    (1/5) benchmarking "1000"...
    done (took 0.946913629 seconds)
    (2/5) benchmarking "2000"...
    done (took 0.95098187 seconds)
    (3/5) benchmarking "0"...
    done (took 0.959121022 seconds)
    (4/5) benchmarking "5000"...
    done (took 0.953711426 seconds)
    (5/5) benchmarking "100"...
    done (took 1.008940822 seconds)
  done (took 5.658241523 seconds)
  (5/5) benchmarking "generic QED process \"kkkke -> ke\""...
    (1/5) benchmarking "1000"...
    done (took 1.64505392 seconds)
    (2/5) benchmarking "2000"...
    done (took 1.672781828 seconds)
    (3/5) benchmarking "0"...
    done (took 1.426860132 seconds)
    (4/5) benchmarking "5000"...
    done (took 1.388484457 seconds)
    (5/5) benchmarking "100"...
    done (took 1.650899504 seconds)
  done (took 8.669956426 seconds)
done (took 61.18645447 seconds)
(2/3) benchmarking "f_gen"...
  (1/5) benchmarking "generic QED process \"kke -> ke\""...
    (1/5) benchmarking "1000"...
    done (took 5.850538006 seconds)
    (2/5) benchmarking "2000"...
    done (took 5.914236502 seconds)
    (3/5) benchmarking "0"...
    done (took 5.919485593 seconds)
    (4/5) benchmarking "5000"...
    done (took 5.931293222 seconds)
    (5/5) benchmarking "100"...
    done (took 5.996385027 seconds)
  done (took 30.462705534 seconds)
  (2/5) benchmarking "generic QED process \"kkkkke -> ke\""...
    (1/5) benchmarking "1000"...
    done (took 6.287642756 seconds)
    (2/5) benchmarking "2000"...
    done (took 6.298270726 seconds)
    (3/5) benchmarking "0"...
    done (took 6.145608997 seconds)
    (4/5) benchmarking "5000"...
    done (took 6.430878163 seconds)
    (5/5) benchmarking "100"...
    done (took 6.368390447 seconds)
  done (took 32.574331497 seconds)
  (3/5) benchmarking "generic QED process \"ke -> ke\""...
    (1/5) benchmarking "1000"...
    done (took 5.973575497 seconds)
    (2/5) benchmarking "2000"...
    done (took 6.033652233 seconds)
    (3/5) benchmarking "0"...
    done (took 6.04134292 seconds)
    (4/5) benchmarking "5000"...
    done (took 6.0213472 seconds)
    (5/5) benchmarking "100"...
    done (took 6.145042636 seconds)
  done (took 31.230745092 seconds)
  (4/5) benchmarking "generic QED process \"kkke -> ke\""...
    (1/5) benchmarking "1000"...
    done (took 6.155510061 seconds)
    (2/5) benchmarking "2000"...
    done (took 6.21159127 seconds)
    (3/5) benchmarking "0"...
    done (took 6.156681286 seconds)
    (4/5) benchmarking "5000"...
    done (took 6.191931585 seconds)
    (5/5) benchmarking "100"...
    done (took 6.210606631 seconds)
  done (took 32.130638412 seconds)
  (5/5) benchmarking "generic QED process \"kkkke -> ke\""...
    (1/5) benchmarking "1000"...
    done (took 6.297213768 seconds)
    (2/5) benchmarking "2000"...
    done (took 6.265003442 seconds)
    (3/5) benchmarking "0"...
    done (took 6.392996917 seconds)
    (4/5) benchmarking "5000"...
    done (took 6.298572892 seconds)
    (5/5) benchmarking "100"...
    done (took 6.274904929 seconds)
  done (took 32.790974201 seconds)
done (took 160.085509275 seconds)
(3/3) benchmarking "graph_gen"...
  (1/5) benchmarking "generic QED process \"kke -> ke\""...
  done (took 5.712164429 seconds)
  (2/5) benchmarking "generic QED process \"kkkkke -> ke\""...
  done (took 6.621203643 seconds)
  (3/5) benchmarking "generic QED process \"ke -> ke\""...
  done (took 3.020527234 seconds)
  (4/5) benchmarking "generic QED process \"kkke -> ke\""...
  done (took 6.576847523 seconds)
  (5/5) benchmarking "generic QED process \"kkkke -> ke\""...
  done (took 6.404800032 seconds)
done (took 29.540973394 seconds)
