ke->ke
kke->ke
kkke->ke
kkkke->ke
kkkkke->ke
kkkkkke->ke
kkkkkkke->ke
kkkkkkkke->ke
(1/3) benchmarking "f_exec"...
  (1/5) benchmarking "kkkkke->ke"...
  done (took 136.151474714 seconds)
  (2/5) benchmarking "kke->ke"...
  done (took 136.040059818 seconds)
  (3/5) benchmarking "ke->ke"...
  done (took 135.945130152 seconds)
  (4/5) benchmarking "kkke->ke"...
  done (took 135.964296731 seconds)
  (5/5) benchmarking "kkkke->ke"...
  done (took 135.739152259 seconds)
done (took 693.546715296 seconds)
(2/3) benchmarking "f_gen"...
  (1/8) benchmarking "kkkkke->ke"...
  done (took 134.752662738 seconds)
  (2/8) benchmarking "kke->ke"...
  done (took 136.654646013 seconds)
  (3/8) benchmarking "ke->ke"...
  done (took 136.63569666 seconds)
  (4/8) benchmarking "kkkkkkkke->ke"...
  done (took 1725.380008973 seconds)
  (5/8) benchmarking "kkke->ke"...
  done (took 143.473431524 seconds)
  (6/8) benchmarking "kkkke->ke"...
  done (took 136.780075234 seconds)
  (7/8) benchmarking "kkkkkke->ke"...
  done (took 134.158150623 seconds)
  (8/8) benchmarking "kkkkkkke->ke"...
  done (took 168.077116401 seconds)
done (took 2729.453697903 seconds)
(3/3) benchmarking "graph_gen"...
  (1/8) benchmarking "kkkkke->ke"...
  done (took 136.239932858 seconds)
  (2/8) benchmarking "kke->ke"...
  done (took 136.304816798 seconds)
  (3/8) benchmarking "ke->ke"...
  done (took 136.251252735 seconds)
  (4/8) benchmarking "kkkkkkkke->ke"...
  done (took 141.324354234 seconds)
  (5/8) benchmarking "kkke->ke"...
  done (took 140.842918855 seconds)
  (6/8) benchmarking "kkkke->ke"...
  done (took 136.098067318 seconds)
  (7/8) benchmarking "kkkkkke->ke"...
  done (took 138.118766594 seconds)
  (8/8) benchmarking "kkkkkkke->ke"...
  done (took 139.442885602 seconds)
done (took 1118.831336818 seconds)
