   Resolving package versions...
  No Changes to `~/repos/ComputableDAGs.jl/Project.toml`
  No Changes to `~/repos/ComputableDAGs.jl/Manifest.toml`
[ Info: == CPU vs GPU benchmark ==
[ Info: ke->ke
[ Info: kke->ke
[ Info: kkke->ke
[ Info: kkkke->ke
[ Info: kkkkke->ke
[ Info: kkkkkke->ke
(1/6) tuning "kkkkke->ke"...
  (1/2) tuning "CPU"...
  done (took 133.003132369 seconds)
  (2/2) tuning "GPU"...
  done (took 231.696230792 seconds)
done (took 365.646694336 seconds)
(2/6) tuning "kke->ke"...
  (1/2) tuning "CPU"...
  done (took 123.122759742 seconds)
  (2/2) tuning "GPU"...
  done (took 21.354413898 seconds)
done (took 145.37478804 seconds)
(3/6) tuning "ke->ke"...
  (1/2) tuning "CPU"...
  done (took 122.142662279 seconds)
  (2/2) tuning "GPU"...
  done (took 14.273005497 seconds)
done (took 137.317501041 seconds)
(4/6) tuning "kkke->ke"...
  (1/2) tuning "CPU"...
  done (took 124.243833827 seconds)
  (2/2) tuning "GPU"...
  done (took 46.937187279 seconds)
done (took 172.086068163 seconds)
(5/6) tuning "kkkke->ke"...
  (1/2) tuning "CPU"...
  done (took 124.759665591 seconds)
  (2/2) tuning "GPU"...
  done (took 129.997315277 seconds)
done (took 255.660191622 seconds)
(6/6) tuning "kkkkkke->ke"...
  (1/2) tuning "CPU"...
  done (took 171.041421402 seconds)
  (2/2) tuning "GPU"...
  done (took 1294.73613865 seconds)
done (took 1466.682830157 seconds)
(1/6) benchmarking "kkkkke->ke"...
  (1/2) benchmarking "CPU"...
  done (took 122.84919628 seconds)
  (2/2) benchmarking "GPU"...
  done (took 57.618834896 seconds)
done (took 181.432009144 seconds)
(2/6) benchmarking "kke->ke"...
  (1/2) benchmarking "CPU"...
  done (took 121.308450331 seconds)
  (2/2) benchmarking "GPU"...
  done (took 1.386246038 seconds)
done (took 123.619589102 seconds)
(3/6) benchmarking "ke->ke"...
  (1/2) benchmarking "CPU"...
  done (took 121.228987647 seconds)
  (2/2) benchmarking "GPU"...
  done (took 1.217433164 seconds)
done (took 123.343174593 seconds)
(4/6) benchmarking "kkke->ke"...
  (1/2) benchmarking "CPU"...
  done (took 121.550803493 seconds)
  (2/2) benchmarking "GPU"...
  done (took 1.867053021 seconds)
done (took 124.316957563 seconds)
(5/6) benchmarking "kkkke->ke"...
  (1/2) benchmarking "CPU"...
  done (took 121.438782945 seconds)
  (2/2) benchmarking "GPU"...
  done (took 11.466623208 seconds)
done (took 133.804629462 seconds)
(6/6) benchmarking "kkkkkke->ke"...
  (1/2) benchmarking "CPU"...
  done (took 129.618916659 seconds)
  (2/2) benchmarking "GPU"...
  done (took 120.997126956 seconds)
done (took 251.52902922 seconds)
